
> machine-studio@ build /home/smorce/env2/work/3DGameStudio
> vite build apps/studio && vite build apps/player && vite build --config apps/server/vite.config.ts

vite v7.3.6 building client environment for production...
transforming...
✓ 147 modules transformed.
rendering chunks...
computing gzip size...
dist/index.html                     0.75 kB │ gzip:   0.50 kB
dist/assets/index-DkXjbmIx.css      9.62 kB │ gzip:   2.87 kB
dist/assets/index-D6ga9nRe.js     951.92 kB │ gzip: 261.57 kB
dist/assets/rapier-DBjBuyhF.js  2,237.38 kB │ gzip: 830.44 kB
✓ built in 1.43s
vite v7.3.6 building client environment for production...
transforming...
✓ 114 modules transformed.
rendering chunks...
computing gzip size...
dist/index.html                     0.95 kB │ gzip:   0.63 kB
dist/assets/index-CYJceya6.js     719.52 kB │ gzip: 188.53 kB
dist/assets/rapier-DBjBuyhF.js  2,237.38 kB │ gzip: 830.44 kB
✓ built in 1.15s
vite v7.3.6 building ssr environment for production...
transforming...
✓ 7 modules transformed.
rendering chunks...
apps/server/dist/index.js  31.40 kB
✓ built in 88ms
node_modules/.pnpm/zod@4.5.4/node_modules/zod/v4/core/util.js (330:0): A comment

"// Wrapped in a `@__PURE__` IIFE: esbuild never tree-shakes a top-level initializer that contains a member access on `Number`, so the bare object literal survived into every bundle."

in "node_modules/.pnpm/zod@4.5.4/node_modules/zod/v4/core/util.js" contains an annotation that Rollup cannot interpret due to the position of the comment. The comment will be removed to avoid issues.
node_modules/.pnpm/zod@4.5.4/node_modules/zod/v4/core/regexes.js (70:0): A comment

"/** Anchors a pattern source. The interpolation lives here rather than at the call site because
 * esbuild will not drop a `@__PURE__` call whose own argument interpolates a variable, but it
 * will drop `anchor(dateSource)`. Keeping it inline pinned `date` into every bundle. */"

in "node_modules/.pnpm/zod@4.5.4/node_modules/zod/v4/core/regexes.js" contains an annotation that Rollup cannot interpret due to the position of the comment. The comment will be removed to avoid issues.

(!) Some chunks are larger than 2000 kB after minification. Consider:
- Using dynamic import() to code-split the application
- Use build.rollupOptions.output.manualChunks to improve chunking: https://rollupjs.org/configuration-options/#output-manualchunks
- Adjust chunk size limit for this warning via build.chunkSizeWarningLimit.
node_modules/.pnpm/zod@4.5.4/node_modules/zod/v4/core/util.js (330:0): A comment

"// Wrapped in a `@__PURE__` IIFE: esbuild never tree-shakes a top-level initializer that contains a member access on `Number`, so the bare object literal survived into every bundle."

in "node_modules/.pnpm/zod@4.5.4/node_modules/zod/v4/core/util.js" contains an annotation that Rollup cannot interpret due to the position of the comment. The comment will be removed to avoid issues.
node_modules/.pnpm/zod@4.5.4/node_modules/zod/v4/core/regexes.js (70:0): A comment

"/** Anchors a pattern source. The interpolation lives here rather than at the call site because
 * esbuild will not drop a `@__PURE__` call whose own argument interpolates a variable, but it
 * will drop `anchor(dateSource)`. Keeping it inline pinned `date` into every bundle. */"

in "node_modules/.pnpm/zod@4.5.4/node_modules/zod/v4/core/regexes.js" contains an annotation that Rollup cannot interpret due to the position of the comment. The comment will be removed to avoid issues.

(!) Some chunks are larger than 2000 kB after minification. Consider:
- Using dynamic import() to code-split the application
- Use build.rollupOptions.output.manualChunks to improve chunking: https://rollupjs.org/configuration-options/#output-manualchunks
- Adjust chunk size limit for this warning via build.chunkSizeWarningLimit.
