
> machine-studio@ test:e2e /home/smorce/env2/work/3DGameStudio
> playwright test


Running 25 tests using 1 worker

  ✓   1 [chromium] › tests/e2e/flows.spec.ts:30:1 › 3 LEVELの詳細値保持とUndo @smoke (3.9s)
  ✓   2 [chromium] › tests/e2e/flows.spec.ts:57:1 › WorldとCourseを作りチェックポイントからゴールまで走る @smoke (13.4s)
  ✓   3 [chromium] › tests/e2e/flows.spec.ts:104:1 › 素材検索・Preview・Import・配置・復元 @smoke (2.9s)
  ✓   4 [chromium] › tests/e2e/flows.spec.ts:147:1 › Provider障害からローカル素材へ復帰 @smoke (1.3s)
  ✓   5 [chromium] › tests/e2e/flows.spec.ts:177:1 › ダミーAIのPreview・承認・Undoと生成Job @smoke (3.4s)
  ✓   6 [chromium] › tests/e2e/flows.spec.ts:207:1 › 壊れた保存データでも新規作成できる (1.0s)
  ✓   7 [chromium] › tests/e2e/flows.spec.ts:221:1 › 独立Playerが本番ビルドで起動する @smoke (1.1s)
  ✓   8 [chromium] › tests/e2e/flows.spec.ts:232:1 › 外部素材デモを読み込みGLBを描画する (1.9s)
  ✓   9 [chromium] › tests/e2e/panel-aerodynamics.spec.ts:13:1 › 正方形Panel、Tilt、Hinge空力面を確認する @smoke (3.6s)
  ✓  10 [chromium] › tests/e2e/panel-aerodynamics.spec.ts:48:1 › Starter Planeを表示して保存する @smoke (864ms)
  ✓  11 [chromium] › tests/e2e/panel-aerodynamics.spec.ts:56:1 › Starter Boatを表示して保存する @smoke (860ms)
  ✓  12 [chromium] › tests/e2e/panel-aerodynamics.spec.ts:64:1 › 車・飛行機・ボートで共通速度HUDをPlay中だけ表示する (7.4s)
  ✓  13 [chromium] › tests/e2e/panel-aerodynamics.spec.ts:81:1 › Starter PlaneをW+Aで左旋回させる @smoke (4.1s)
  ✓  14 [chromium] › tests/e2e/panel-aerodynamics.spec.ts:101:1 › Starter Boatが浮上しW+Aで左旋回する @smoke (4.9s)
  ✓  15 [chromium] › tests/e2e/part-visual.spec.ts:15:1 › Machine PartのVisual Evidenceを保存する (2.7s)
  ✓  16 [chromium] › tests/e2e/placement.spec.ts:4:1 › タイヤ候補から取り付けて選択する @smoke (1.6s)
  ✓  17 [chromium] › tests/e2e/placement.spec.ts:31:1 › Placement Smoke: 4輪を取り付け、回転・つけ直し・Undo・実走・保存復元 @smoke (9.3s)
  ✓  18 [chromium] › tests/e2e/placement.spec.ts:122:1 › 配置取消・パレット切替・コピー・キーボードとドラッグの区別 (3.9s)
  ✓  19 [chromium] › tests/e2e/placement.spec.ts:164:1 › 全パーツを光る位置へ配置し、Studioの詳細値を保持する (4.7s)
  ✓  20 [chromium] › tests/e2e/placement.spec.ts:216:3 › タッチ › 候補をタップして取り付ける (1.5s)
  ✓  21 [chromium] › tests/e2e/play-stop-edit-pose.spec.ts:4:1 › Play停止後に編集Poseへ戻り候補とVisualが一致する (5.3s)
  ✓  22 [chromium] › tests/e2e/reset-view.spec.ts:4:1 › 走行後に新しくつくると候補ボタンが画面内に出る (7.2s)
  ✓  23 [chromium] › tests/e2e/studio.spec.ts:3:1 › 空から板と4輪を組み立て保存・再読込 @smoke (6.4s)
  ✓  24 [chromium] › tests/e2e/world-runtime.spec.ts:4:1 › 広いWorldの物理Streaming・大量岩・2番目のコースを実走する @smoke (4.8s)
  ✓  25 [chromium] › tests/e2e/world-runtime.spec.ts:53:1 › 圧縮LOD素材を読込・Instancing描画し、非Box Collider上を走る @smoke (20.0s)

  25 passed (2.1m)
[WebServer] node_modules/.pnpm/zod@4.5.4/node_modules/zod/v4/core/regexes.js (70:0): A comment
[WebServer] 
[WebServer] "/** Anchors a pattern source. The interpolation lives here rather than at the call site because
[WebServer]  * esbuild will not drop a `@__PURE__` call whose own argument interpolates a variable, but it
[WebServer]  * will drop `anchor(dateSource)`. Keeping it inline pinned `date` into every bundle. */"
[WebServer] 
[WebServer] in "node_modules/.pnpm/zod@4.5.4/node_modules/zod/v4/core/regexes.js" contains an annotation that Rollup cannot interpret due to the position of the comment. The comment will be removed to avoid issues.
[WebServer] node_modules/.pnpm/zod@4.5.4/node_modules/zod/v4/core/util.js (330:0): A comment
[WebServer] 
[WebServer] "// Wrapped in a `@__PURE__` IIFE: esbuild never tree-shakes a top-level initializer that contains a member access on `Number`, so the bare object literal survived into every bundle."
[WebServer] 
[WebServer] in "node_modules/.pnpm/zod@4.5.4/node_modules/zod/v4/core/util.js" contains an annotation that Rollup cannot interpret due to the position of the comment. The comment will be removed to avoid issues.
[WebServer] 
[WebServer] (!) Some chunks are larger than 2000 kB after minification. Consider:
[WebServer] - Using dynamic import() to code-split the application
[WebServer] - Use build.rollupOptions.output.manualChunks to improve chunking: https://rollupjs.org/configuration-options/#output-manualchunks
[WebServer] - Adjust chunk size limit for this warning via build.chunkSizeWarningLimit.
[WebServer] node_modules/.pnpm/zod@4.5.4/node_modules/zod/v4/core/util.js (330:0): A comment
[WebServer] 
[WebServer] "// Wrapped in a `@__PURE__` IIFE: esbuild never tree-shakes a top-level initializer that contains a member access on `Number`, so the bare object literal survived into every bundle."
[WebServer] 
[WebServer] in "node_modules/.pnpm/zod@4.5.4/node_modules/zod/v4/core/util.js" contains an annotation that Rollup cannot interpret due to the position of the comment. The comment will be removed to avoid issues.
[WebServer] node_modules/.pnpm/zod@4.5.4/node_modules/zod/v4/core/regexes.js (70:0): A comment
[WebServer] 
[WebServer] "/** Anchors a pattern source. The interpolation lives here rather than at the call site because
[WebServer]  * esbuild will not drop a `@__PURE__` call whose own argument interpolates a variable, but it
[WebServer]  * will drop `anchor(dateSource)`. Keeping it inline pinned `date` into every bundle. */"
[WebServer] 
[WebServer] in "node_modules/.pnpm/zod@4.5.4/node_modules/zod/v4/core/regexes.js" contains an annotation that Rollup cannot interpret due to the position of the comment. The comment will be removed to avoid issues.
[WebServer] 
[WebServer] (!) Some chunks are larger than 2000 kB after minification. Consider:
[WebServer] - Using dynamic import() to code-split the application
[WebServer] - Use build.rollupOptions.output.manualChunks to improve chunking: https://rollupjs.org/configuration-options/#output-manualchunks
[WebServer] - Adjust chunk size limit for this warning via build.chunkSizeWarningLimit.
(node:2447798) Warning: The 'NO_COLOR' env is ignored due to the 'FORCE_COLOR' env being set.
(Use `node --trace-warnings ...` to show where the warning was created)
