
> machine-studio@ test:integration /home/smorce/env2/work/3DGameStudio
> vitest run tests/integration


 RUN  v3.2.7 /home/smorce/env2/work/3DGameStudio

 ✓ tests/integration/placement.test.ts (1 test) 104ms
 ✓ tests/integration/world-streaming.test.ts (3 tests) 156ms
stdout | tests/integration/runtime-pipeline.test.ts > Originalの完全一致、LOD三段階の削減、MeshoptのThree.jsデコードと再生成
prune: Removed types... Accessor (1)

stdout | tests/integration/runtime-pipeline.test.ts > Originalの完全一致、LOD三段階の削減、MeshoptのThree.jsデコードと再生成
prune: Removed types... Accessor (1)

 ✓ tests/integration/pipelines.test.ts (4 tests) 554ms
   ✓ 生成Jobが成功・失敗を報告する  452ms
 ✓ tests/integration/physics.test.ts (18 tests) 922ms
stdout | tests/integration/runtime-pipeline.test.ts > LODに不向きなモデルはLOD0だけを生成し元データは変更しない
prune: Removed types... Animation (1), Accessor (1)

 ✓ tests/integration/runtime-pipeline.test.ts (10 tests) 994ms
   ✓ performanceのRuntime Textureだけを縮小し元PNGを保持する  512ms

 Test Files  5 passed (5)
      Tests  36 passed (36)
   Start at  00:49:07
   Duration  1.56s (transform 371ms, setup 0ms, collect 1.19s, tests 2.73s, environment 1ms, prepare 319ms)

stderr | tests/integration/world-streaming.test.ts > Machineの移動で近傍Colliderだけを維持し、遠方は増え続けない
using deprecated parameters for the initialization function; pass a single object instead

stderr | tests/integration/physics.test.ts > 4輪車が物理世界で前進し編集・保存データを変更しない
using deprecated parameters for the initialization function; pass a single object instead

stderr | tests/integration/placement.test.ts > 候補だけから作った4輪車が回転・つけ直し後にも走行し、保存モデルを維持する
using deprecated parameters for the initialization function; pass a single object instead

stderr | tests/integration/runtime-pipeline.test.ts > 生成したHull/TrimeshをRapierに反映し、破損ColliderはBoxへ戻す
using deprecated parameters for the initialization function; pass a single object instead

