
> machine-studio@ smoke /home/smorce/env2/work/3DGameStudio
> playwright test --grep @smoke


Running 11 tests using 1 worker

  ✓   1 [chromium] › tests/e2e/flows.spec.ts:30:1 › 3 LEVELの詳細値保持とUndo @smoke (3.5s)
  ✓   2 [chromium] › tests/e2e/flows.spec.ts:57:1 › WorldとCourseを作りチェックポイントからゴールまで走る @smoke (6.4s)
  ✓   3 [chromium] › tests/e2e/flows.spec.ts:102:1 › 素材検索・Preview・Import・配置・復元 @smoke (2.2s)
  ✓   4 [chromium] › tests/e2e/flows.spec.ts:142:1 › Provider障害からローカル素材へ復帰 @smoke (1.1s)
  ✓   5 [chromium] › tests/e2e/flows.spec.ts:172:1 › ダミーAIのPreview・承認・Undoと生成Job @smoke (2.9s)
  ✓   6 [chromium] › tests/e2e/flows.spec.ts:216:1 › 独立Playerが本番ビルドで起動する @smoke (1.0s)
  ✓   7 [chromium] › tests/e2e/placement.spec.ts:4:1 › タイヤ候補から取り付けて選択する @smoke (1.4s)
  ✓   8 [chromium] › tests/e2e/placement.spec.ts:31:1 › Placement Smoke: 4輪を取り付け、回転・つけ直し・Undo・実走・保存復元 @smoke (7.8s)
  ✓   9 [chromium] › tests/e2e/studio.spec.ts:3:1 › 空から板と4輪を組み立て保存・再読込 @smoke (4.5s)
  ✓  10 [chromium] › tests/e2e/world-runtime.spec.ts:4:1 › 広いWorldの物理Streaming・大量岩・2番目のコースを実走する @smoke (4.2s)
  ✓  11 [chromium] › tests/e2e/world-runtime.spec.ts:53:1 › 圧縮LOD素材を読込・Instancing描画し、非Box Collider上を走る @smoke (18.8s)

  11 passed (59.8s)
[WebServer] (node:590054) Warning: The 'NO_COLOR' env is ignored due to the 'FORCE_COLOR' env being set.
[WebServer] (Use `node --trace-warnings ...` to show where the warning was created)
[WebServer] (node:590067) Warning: The 'NO_COLOR' env is ignored due to the 'FORCE_COLOR' env being set.
[WebServer] (Use `node --trace-warnings ...` to show where the warning was created)
[WebServer] node_modules/.pnpm/zod@4.5.4/node_modules/zod/v4/core/util.js (330:0): A comment
[WebServer] 
[WebServer] "// Wrapped in a `@__PURE__` IIFE: esbuild never tree-shakes a top-level initializer that contains a member access on `Number`, so the bare object literal survived into every bundle."
[WebServer] 
[WebServer] in "node_modules/.pnpm/zod@4.5.4/node_modules/zod/v4/core/util.js" contains an annotation that Rollup cannot interpret due to the position of the comment. The comment will be removed to avoid issues.
[WebServer] node_modules/.pnpm/zod@4.5.4/node_modules/zod/v4/core/regexes.js (70:0): A comment
[WebServer] 
[WebServer] "/** Anchors a pattern source. The interpolation lives here rather than at the call site because
[WebServer]  * esbuild will not drop a `@__PURE__` call whose own argument interpolates a variable, but it
[WebServer]  * will drop `anchor(dateSource)`. Keeping it inline pinned `date` into every bundle. */"
[WebServer] 
[WebServer] in "node_modules/.pnpm/zod@4.5.4/node_modules/zod/v4/core/regexes.js" contains an annotation that Rollup cannot interpret due to the position of the comment. The comment will be removed to avoid issues.
[WebServer] 
[WebServer] (!) Some chunks are larger than 2000 kB after minification. Consider:
[WebServer] - Using dynamic import() to code-split the application
[WebServer] - Use build.rollupOptions.output.manualChunks to improve chunking: https://rollupjs.org/configuration-options/#output-manualchunks
[WebServer] - Adjust chunk size limit for this warning via build.chunkSizeWarningLimit.
[WebServer] (node:590127) Warning: The 'NO_COLOR' env is ignored due to the 'FORCE_COLOR' env being set.
[WebServer] (Use `node --trace-warnings ...` to show where the warning was created)
[WebServer] node_modules/.pnpm/zod@4.5.4/node_modules/zod/v4/core/util.js (330:0): A comment
[WebServer] 
[WebServer] "// Wrapped in a `@__PURE__` IIFE: esbuild never tree-shakes a top-level initializer that contains a member access on `Number`, so the bare object literal survived into every bundle."
[WebServer] 
[WebServer] in "node_modules/.pnpm/zod@4.5.4/node_modules/zod/v4/core/util.js" contains an annotation that Rollup cannot interpret due to the position of the comment. The comment will be removed to avoid issues.
[WebServer] node_modules/.pnpm/zod@4.5.4/node_modules/zod/v4/core/regexes.js (70:0): A comment
[WebServer] 
[WebServer] "/** Anchors a pattern source. The interpolation lives here rather than at the call site because
[WebServer]  * esbuild will not drop a `@__PURE__` call whose own argument interpolates a variable, but it
[WebServer]  * will drop `anchor(dateSource)`. Keeping it inline pinned `date` into every bundle. */"
[WebServer] 
[WebServer] in "node_modules/.pnpm/zod@4.5.4/node_modules/zod/v4/core/regexes.js" contains an annotation that Rollup cannot interpret due to the position of the comment. The comment will be removed to avoid issues.
[WebServer] 
[WebServer] (!) Some chunks are larger than 2000 kB after minification. Consider:
[WebServer] - Using dynamic import() to code-split the application
[WebServer] - Use build.rollupOptions.output.manualChunks to improve chunking: https://rollupjs.org/configuration-options/#output-manualchunks
[WebServer] - Adjust chunk size limit for this warning via build.chunkSizeWarningLimit.
[WebServer] (node:590345) Warning: The 'NO_COLOR' env is ignored due to the 'FORCE_COLOR' env being set.
[WebServer] (Use `node --trace-warnings ...` to show where the warning was created)
[WebServer] (node:590402) Warning: The 'NO_COLOR' env is ignored due to the 'FORCE_COLOR' env being set.
[WebServer] (Use `node --trace-warnings ...` to show where the warning was created)
[WebServer] (node:590414) Warning: The 'NO_COLOR' env is ignored due to the 'FORCE_COLOR' env being set.
[WebServer] (Use `node --trace-warnings ...` to show where the warning was created)
(node:590427) Warning: The 'NO_COLOR' env is ignored due to the 'FORCE_COLOR' env being set.
(Use `node --trace-warnings ...` to show where the warning was created)
