
> machine-studio@ smoke /home/smorce/env2/work/3DGameStudio
> playwright test --grep @smoke


Running 16 tests using 1 worker

  ✓   1 [chromium] › tests/e2e/flows.spec.ts:30:1 › 3 LEVELの詳細値保持とUndo @smoke (3.8s)
  ✓   2 [chromium] › tests/e2e/flows.spec.ts:57:1 › WorldとCourseを作りチェックポイントからゴールまで走る @smoke (13.3s)
  ✓   3 [chromium] › tests/e2e/flows.spec.ts:104:1 › 素材検索・Preview・Import・配置・復元 @smoke (3.1s)
  ✓   4 [chromium] › tests/e2e/flows.spec.ts:147:1 › Provider障害からローカル素材へ復帰 @smoke (1.4s)
  ✓   5 [chromium] › tests/e2e/flows.spec.ts:177:1 › ダミーAIのPreview・承認・Undoと生成Job @smoke (3.6s)
  ✓   6 [chromium] › tests/e2e/flows.spec.ts:221:1 › 独立Playerが本番ビルドで起動する @smoke (1.1s)
  ✓   7 [chromium] › tests/e2e/panel-aerodynamics.spec.ts:13:1 › 正方形Panel、Tilt、Hinge空力面を確認する @smoke (3.9s)
  ✓   8 [chromium] › tests/e2e/panel-aerodynamics.spec.ts:48:1 › Starter Planeを表示して保存する @smoke (919ms)
  ✓   9 [chromium] › tests/e2e/panel-aerodynamics.spec.ts:56:1 › Starter Boatを表示して保存する @smoke (1.0s)
  ✓  10 [chromium] › tests/e2e/panel-aerodynamics.spec.ts:81:1 › Starter PlaneをW+Aで左旋回させる @smoke (4.3s)
  ✓  11 [chromium] › tests/e2e/panel-aerodynamics.spec.ts:101:1 › Starter Boatが浮上しW+Aで左旋回する @smoke (5.0s)
  ✓  12 [chromium] › tests/e2e/placement.spec.ts:4:1 › タイヤ候補から取り付けて選択する @smoke (1.6s)
  ✓  13 [chromium] › tests/e2e/placement.spec.ts:31:1 › Placement Smoke: 4輪を取り付け、回転・つけ直し・Undo・実走・保存復元 @smoke (9.5s)
  ✓  14 [chromium] › tests/e2e/studio.spec.ts:3:1 › 空から板と4輪を組み立て保存・再読込 @smoke (6.2s)
  ✓  15 [chromium] › tests/e2e/world-runtime.spec.ts:4:1 › 広いWorldの物理Streaming・大量岩・2番目のコースを実走する @smoke (5.1s)
  ✓  16 [chromium] › tests/e2e/world-runtime.spec.ts:53:1 › 圧縮LOD素材を読込・Instancing描画し、非Box Collider上を走る @smoke (19.7s)

  16 passed (1.5m)
[WebServer] node_modules/.pnpm/zod@4.5.4/node_modules/zod/v4/core/util.js (330:0): A comment
[WebServer] 
[WebServer] "// Wrapped in a `@__PURE__` IIFE: esbuild never tree-shakes a top-level initializer that contains a member access on `Number`, so the bare object literal survived into every bundle."
[WebServer] 
[WebServer] in "node_modules/.pnpm/zod@4.5.4/node_modules/zod/v4/core/util.js" contains an annotation that Rollup cannot interpret due to the position of the comment. The comment will be removed to avoid issues.
[WebServer] node_modules/.pnpm/zod@4.5.4/node_modules/zod/v4/core/regexes.js (70:0): A comment
[WebServer] 
[WebServer] "/** Anchors a pattern source. The interpolation lives here rather than at the call site because
[WebServer]  * esbuild will not drop a `@__PURE__` call whose own argument interpolates a variable, but it
[WebServer]  * will drop `anchor(dateSource)`. Keeping it inline pinned `date` into every bundle. */"
[WebServer] 
[WebServer] in "node_modules/.pnpm/zod@4.5.4/node_modules/zod/v4/core/regexes.js" contains an annotation that Rollup cannot interpret due to the position of the comment. The comment will be removed to avoid issues.
[WebServer] 
[WebServer] (!) Some chunks are larger than 2000 kB after minification. Consider:
[WebServer] - Using dynamic import() to code-split the application
[WebServer] - Use build.rollupOptions.output.manualChunks to improve chunking: https://rollupjs.org/configuration-options/#output-manualchunks
[WebServer] - Adjust chunk size limit for this warning via build.chunkSizeWarningLimit.
[WebServer] node_modules/.pnpm/zod@4.5.4/node_modules/zod/v4/core/util.js (330:0): A comment
[WebServer] 
[WebServer] "// Wrapped in a `@__PURE__` IIFE: esbuild never tree-shakes a top-level initializer that contains a member access on `Number`, so the bare object literal survived into every bundle."
[WebServer] 
[WebServer] in "node_modules/.pnpm/zod@4.5.4/node_modules/zod/v4/core/util.js" contains an annotation that Rollup cannot interpret due to the position of the comment. The comment will be removed to avoid issues.
[WebServer] node_modules/.pnpm/zod@4.5.4/node_modules/zod/v4/core/regexes.js (70:0): A comment
[WebServer] 
[WebServer] "/** Anchors a pattern source. The interpolation lives here rather than at the call site because
[WebServer]  * esbuild will not drop a `@__PURE__` call whose own argument interpolates a variable, but it
[WebServer]  * will drop `anchor(dateSource)`. Keeping it inline pinned `date` into every bundle. */"
[WebServer] 
[WebServer] in "node_modules/.pnpm/zod@4.5.4/node_modules/zod/v4/core/regexes.js" contains an annotation that Rollup cannot interpret due to the position of the comment. The comment will be removed to avoid issues.
[WebServer] 
[WebServer] (!) Some chunks are larger than 2000 kB after minification. Consider:
[WebServer] - Using dynamic import() to code-split the application
[WebServer] - Use build.rollupOptions.output.manualChunks to improve chunking: https://rollupjs.org/configuration-options/#output-manualchunks
[WebServer] - Adjust chunk size limit for this warning via build.chunkSizeWarningLimit.
(node:2452767) Warning: The 'NO_COLOR' env is ignored due to the 'FORCE_COLOR' env being set.
(Use `node --trace-warnings ...` to show where the warning was created)
