
> machine-studio@ test:e2e /home/smorce/env2/work/3DGameStudio
> playwright test

[WebServer] (node:344831) Warning: The 'NO_COLOR' env is ignored due to the 'FORCE_COLOR' env being set.
[WebServer] (Use `node --trace-warnings ...` to show where the warning was created)
[WebServer] (node:344844) Warning: The 'NO_COLOR' env is ignored due to the 'FORCE_COLOR' env being set.
[WebServer] (Use `node --trace-warnings ...` to show where the warning was created)
[WebServer] node_modules/.pnpm/zod@4.5.4/node_modules/zod/v4/core/util.js (330:0): A comment
[WebServer] 
[WebServer] "// Wrapped in a `@__PURE__` IIFE: esbuild never tree-shakes a top-level initializer that contains a member access on `Number`, so the bare object literal survived into every bundle."
[WebServer] 
[WebServer] in "node_modules/.pnpm/zod@4.5.4/node_modules/zod/v4/core/util.js" contains an annotation that Rollup cannot interpret due to the position of the comment. The comment will be removed to avoid issues.
[WebServer] node_modules/.pnpm/zod@4.5.4/node_modules/zod/v4/core/regexes.js (70:0): A comment
[WebServer] 
[WebServer] "/** Anchors a pattern source. The interpolation lives here rather than at the call site because
[WebServer]  * esbuild will not drop a `@__PURE__` call whose own argument interpolates a variable, but it
[WebServer]  * will drop `anchor(dateSource)`. Keeping it inline pinned `date` into every bundle. */"
[WebServer] 
[WebServer] in "node_modules/.pnpm/zod@4.5.4/node_modules/zod/v4/core/regexes.js" contains an annotation that Rollup cannot interpret due to the position of the comment. The comment will be removed to avoid issues.
[WebServer] 
[WebServer] (!) Some chunks are larger than 2000 kB after minification. Consider:
[WebServer] - Using dynamic import() to code-split the application
[WebServer] - Use build.rollupOptions.output.manualChunks to improve chunking: https://rollupjs.org/configuration-options/#output-manualchunks
[WebServer] - Adjust chunk size limit for this warning via build.chunkSizeWarningLimit.
[WebServer] (node:344902) Warning: The 'NO_COLOR' env is ignored due to the 'FORCE_COLOR' env being set.
[WebServer] (Use `node --trace-warnings ...` to show where the warning was created)
[WebServer] node_modules/.pnpm/zod@4.5.4/node_modules/zod/v4/core/util.js (330:0): A comment
[WebServer] 
[WebServer] "// Wrapped in a `@__PURE__` IIFE: esbuild never tree-shakes a top-level initializer that contains a member access on `Number`, so the bare object literal survived into every bundle."
[WebServer] 
[WebServer] in "node_modules/.pnpm/zod@4.5.4/node_modules/zod/v4/core/util.js" contains an annotation that Rollup cannot interpret due to the position of the comment. The comment will be removed to avoid issues.
[WebServer] node_modules/.pnpm/zod@4.5.4/node_modules/zod/v4/core/regexes.js (70:0): A comment
[WebServer] 
[WebServer] "/** Anchors a pattern source. The interpolation lives here rather than at the call site because
[WebServer]  * esbuild will not drop a `@__PURE__` call whose own argument interpolates a variable, but it
[WebServer]  * will drop `anchor(dateSource)`. Keeping it inline pinned `date` into every bundle. */"
[WebServer] 
[WebServer] in "node_modules/.pnpm/zod@4.5.4/node_modules/zod/v4/core/regexes.js" contains an annotation that Rollup cannot interpret due to the position of the comment. The comment will be removed to avoid issues.
[WebServer] 
[WebServer] (!) Some chunks are larger than 2000 kB after minification. Consider:
[WebServer] - Using dynamic import() to code-split the application
[WebServer] - Use build.rollupOptions.output.manualChunks to improve chunking: https://rollupjs.org/configuration-options/#output-manualchunks
[WebServer] - Adjust chunk size limit for this warning via build.chunkSizeWarningLimit.
[WebServer] (node:344947) Warning: The 'NO_COLOR' env is ignored due to the 'FORCE_COLOR' env being set.
[WebServer] (Use `node --trace-warnings ...` to show where the warning was created)
[WebServer] (node:344979) Warning: The 'NO_COLOR' env is ignored due to the 'FORCE_COLOR' env being set.
[WebServer] (Use `node --trace-warnings ...` to show where the warning was created)
[WebServer] (node:344995) Warning: The 'NO_COLOR' env is ignored due to the 'FORCE_COLOR' env being set.
[WebServer] (Use `node --trace-warnings ...` to show where the warning was created)

Running 11 tests using 1 worker

(node:345012) Warning: The 'NO_COLOR' env is ignored due to the 'FORCE_COLOR' env being set.
(Use `node --trace-warnings ...` to show where the warning was created)
  ✓   1 [chromium] › tests/e2e/flows.spec.ts:29:1 › 3 LEVELの詳細値保持とUndo @smoke (3.2s)
  ✓   2 [chromium] › tests/e2e/flows.spec.ts:56:1 › WorldとCourseを作りチェックポイントからゴールまで走る @smoke (6.5s)
  ✓   3 [chromium] › tests/e2e/flows.spec.ts:101:1 › 素材検索・Preview・Import・配置・復元 @smoke (2.0s)
  ✓   4 [chromium] › tests/e2e/flows.spec.ts:141:1 › Provider障害からローカル素材へ復帰 @smoke (1.0s)
  ✓   5 [chromium] › tests/e2e/flows.spec.ts:171:1 › ダミーAIのPreview・承認・Undoと生成Job @smoke (3.0s)
  ✓   6 [chromium] › tests/e2e/flows.spec.ts:201:1 › 壊れた保存データでも新規作成できる (798ms)
  ✓   7 [chromium] › tests/e2e/flows.spec.ts:214:1 › 独立Playerが本番ビルドで起動する @smoke (949ms)
  ✓   8 [chromium] › tests/e2e/flows.spec.ts:225:1 › 外部素材デモを読み込みGLBを描画する (1.8s)
  ✓   9 [chromium] › tests/e2e/studio.spec.ts:2:1 › 空から板と4輪を組み立て保存・再読込 @smoke (4.0s)
  ✓  10 [chromium] › tests/e2e/world-runtime.spec.ts:4:1 › 広いWorldの物理Streaming・大量岩・2番目のコースを実走する @smoke (3.9s)
  ✓  11 [chromium] › tests/e2e/world-runtime.spec.ts:53:1 › 圧縮LOD素材を読込・Instancing描画し、非Box Collider上を走る @smoke (18.8s)

  11 passed (50.8s)
